BL51 BANKED LINKER/LOCATER V6.22.2.0                                                    11/23/2020  20:11:00  PAGE 1


BL51 BANKED LINKER/LOCATER V6.22.2.0, INVOKED BY:
D:\C51\C51\BIN\BL51.EXE .\Objects\STARTUP.obj, .\Objects\main.obj TO .\Objects\testfile1 PRINT (.\Listings\testfile1.m51
>> ) RAMSIZE (256)


MEMORY MODEL: SMALL


INPUT MODULES INCLUDED:
  .\Objects\STARTUP.obj (?C_STARTUP)
  .\Objects\main.obj (MAIN)
  D:\C51\C51\LIB\C51S.LIB (?C_INIT)


LINK MAP OF MODULE:  .\Objects\testfile1 (?C_STARTUP)


            TYPE    BASE      LENGTH    RELOCATION   SEGMENT NAME
            -----------------------------------------------------

            * * * * * * *   D A T A   M E M O R Y   * * * * * * *
            REG     0000H     0008H     ABSOLUTE     "REG BANK 0"
            DATA    0008H     0002H     UNIT         ?DT?MAIN
            IDATA   000AH     0001H     UNIT         ?STACK

            * * * * * * *   C O D E   M E M O R Y   * * * * * * *
            CODE    0000H     0003H     ABSOLUTE     
            CODE    0003H     008CH     UNIT         ?C_C51STARTUP
            CODE    008FH     0031H     UNIT         ?PR?MAIN?MAIN
            CODE    00C0H     0026H     UNIT         ?PR?_DELAY?MAIN
            CODE    00E6H     0005H     UNIT         ?C_INITSEG



OVERLAY MAP OF MODULE:   .\Objects\testfile1 (?C_STARTUP)


SEGMENT
  +--> CALLED SEGMENT
---------------------
?C_C51STARTUP
  +--> ?PR?MAIN?MAIN
  +--> ?C_INITSEG

?PR?MAIN?MAIN
  +--> ?PR?_DELAY?MAIN



SYMBOL TABLE OF MODULE:  .\Objects\testfile1 (?C_STARTUP)

  VALUE           TYPE          NAME
  ----------------------------------

  -------         MODULE        ?C_STARTUP
  C:0003H         SEGMENT       ?C_C51STARTUP
  I:000AH         SEGMENT       ?STACK
  C:0000H         PUBLIC        ?C_STARTUP
BL51 BANKED LINKER/LOCATER V6.22.2.0                                                  11/23/2020  20:11:00  PAGE 2


  D:00E0H         SYMBOL        ACC
  D:00F0H         SYMBOL        B
  D:0083H         SYMBOL        DPH
  D:0082H         SYMBOL        DPL
  N:0000H         SYMBOL        IBPSTACK
  N:0100H         SYMBOL        IBPSTACKTOP
  N:0080H         SYMBOL        IDATALEN
  C:0006H         SYMBOL        IDATALOOP
  N:0000H         SYMBOL        PBPSTACK
  N:0100H         SYMBOL        PBPSTACKTOP
  N:0000H         SYMBOL        PDATALEN
  N:0000H         SYMBOL        PDATASTART
  N:0000H         SYMBOL        PPAGE
  N:0000H         SYMBOL        PPAGEENABLE
  D:00A0H         SYMBOL        PPAGE_SFR
  D:0081H         SYMBOL        SP
  C:0003H         SYMBOL        STARTUP1
  N:0000H         SYMBOL        XBPSTACK
  N:0000H         SYMBOL        XBPSTACKTOP
  N:0000H         SYMBOL        XDATALEN
  N:0000H         SYMBOL        XDATASTART
  C:0000H         LINE#         126
  C:0003H         LINE#         133
  C:0005H         LINE#         134
  C:0006H         LINE#         135
  C:0007H         LINE#         136
  C:0009H         LINE#         185
  C:000CH         LINE#         196
  -------         ENDMOD        ?C_STARTUP

  -------         MODULE        MAIN
  C:0000H         SYMBOL        _ICE_DUMMY_
  D:0090H         PUBLIC        P1
  D:00A0H         PUBLIC        P2
  D:00B0H         PUBLIC        P3
  D:00A8H         PUBLIC        IE
  C:00C0H         PUBLIC        _delay
  D:00B8H         PUBLIC        IP
  C:008FH         PUBLIC        main
  D:0098H         PUBLIC        SCON
  D:0088H         PUBLIC        TCON
  B:00A0H.0       PUBLIC        led0
  B:00A0H.1       PUBLIC        led1
  D:00C8H         PUBLIC        T2CON
  B:00A0H.2       PUBLIC        led2
  D:0008H         PUBLIC        i
  B:00A0H.3       PUBLIC        led3
  B:00A0H.4       PUBLIC        led4
  B:00A0H.5       PUBLIC        led5
  B:00A0H.6       PUBLIC        led6
  B:00A0H.7       PUBLIC        led7
  D:00D0H         PUBLIC        PSW
  -------         PROC          _DELAY
  D:0006H         SYMBOL        c
  -------         DO            
  D:0004H         SYMBOL        a
  D:0002H         SYMBOL        b
BL51 BANKED LINKER/LOCATER V6.22.2.0                                                  11/23/2020  20:11:00  PAGE 3


  -------         ENDDO         
  C:00C0H         LINE#         11
  C:00C0H         LINE#         12
  C:00C0H         LINE#         14
  C:00D0H         LINE#         15
  C:00D3H         LINE#         16
  C:00E5H         LINE#         17
  -------         ENDPROC       _DELAY
  -------         PROC          MAIN
  C:008FH         LINE#         18
  C:008FH         LINE#         19
  C:008FH         LINE#         20
  C:008FH         LINE#         21
  C:0094H         LINE#         22
  C:0094H         LINE#         23
  C:0096H         LINE#         24
  C:0098H         LINE#         25
  C:009AH         LINE#         26
  C:009CH         LINE#         27
  C:009EH         LINE#         28
  C:00A0H         LINE#         29
  C:00A2H         LINE#         30
  C:00A4H         LINE#         31
  C:00ABH         LINE#         33
  -------         ENDPROC       MAIN
  -------         ENDMOD        MAIN

Program Size: data=11.0 xdata=0 code=235
LINK/LOCATE RUN COMPLETE.  0 WARNING(S),  0 ERROR(S)
